0111100001 -0.0000000421+0.0000000421i
0111100101 -0.0000000256+0.0000001719i
0111101101 0.0000000596+0.0000002086i
0111111101 0.0000000209+0.0000001054i
1000000010 -0.9999998212-0.0000008047i
1000100001 -0.0000000779+0.0000000323i
1001100101 -0.0000000000+0.0000001639i
1011101101 -0.0000000484+0.0000001168i
1111111101 -0.0000000843+0.0000001264i
