000 0.9066866040-0.4218046367i
001 -0.0000002980-0.0000001863i
010 -0.0000000894+0.0000001788i
011 -0.0000000065-0.0000000292i
100 -0.0000000421+0.0000002107i
101 0.0000000800-0.0000000191i
110 0.0000000174+0.0000000570i
111 0.0000000175+0.0000000329i
